help.are
social.are
immort.are
ofcol2.are
shire.are
midgaard.are
plains.are
haon.are
air.are
arachnos.are
astral.are
canyon.are
catacomb.are
chapel.are
daycare.are
draconia.are
drow.are
thalos.are
dwarven.are
dylan.are
eastern.are
galaxy.are
gnome.are
grave.are
grove.are
hitower.are
hood.are
limbo.are
mahntor.are
marsh.are
mega1.are
midennir.are
mirror.are
mobfact.are
moria.are
newthalos.are
nirvana.are
ofcol.are
olympus.are
pyramid.are
quifael.are
sewer.are
redferne.are
school.are
smurf.are
tohell.are
trollden.are
valley.are
raven.are
titan.are
aarak.are
mob.are
divsouls.are
36cham.are
elvenforest.are
solace.are
wyvern.are
under.are
abyss.are
aerial.are
ancala.are
anon.are
arena.are
camelot.are
chess2.are
clans.are
cloudymt.are
crystal.are
cult.are
dark.are
dknights.are
drakyri.are
dreams.are
tree.are
dungeon.are
elvandar.are
faerring.are
fanatics.are
filelya.are
freeport.are
hive.are
jadetemp.are
kerofk.are
lierknay.are
machine.are
mirkwood.are
mutant.are
oldthalos.are
pirate.are
sacrifice.are
tulqurin.are
undrtnl.are
winner-loser.are
$
